<html>
<body>
<pre>
<h1>µVision Build Log</h1>
<h2>Tool Versions:</h2>
IDE-Version: ¦ÌVision V5.18.0.0
Copyright (C) 2016 ARM Ltd and ARM Germany GmbH. All rights reserved.
License Information: 1 23, 2, LIC=AK1BS-LUS7S-8YBVV-PJBR3-QK6DN-XNBAK
 
Tool Versions:
Toolchain:       MDK-ARM Professional  Version: 5.18
Toolchain Path:  H:\software\keil5mdk\ARM\ARMCC\Bin
C Compiler:      Armcc.exe V5.06 update 1 (build 61)
Assembler:       Armasm.exe V5.06 update 1 (build 61)
Linker/Locator:  ArmLink.exe V5.06 update 1 (build 61)
Library Manager: ArmAr.exe V5.06 update 1 (build 61)
Hex Converter:   FromElf.exe V5.06 update 1 (build 61)
CPU DLL:         SARMCM3.DLL V5.18
Dialog DLL:      DCM.DLL V1.13.6.0
Target DLL:      STLink\ST-LINKIII-KEIL_SWO.dll V2.0.18.0
Dialog DLL:      TCM.DLL V1.14.8.0
 
<h2>Project:</h2>
D:\githubdata\carinformation\carinformation\USER\LED.uvprojx
Project File Date:  12/14/2020

<h2>Output:</h2>
*** Using Compiler 'V5.06 update 1 (build 61)', folder: 'H:\software\keil5mdk\ARM\ARMCC\Bin'
Rebuild target 'LED'
compiling stm32f4xx_it.c...
stm32f4xx_it.c(207): warning:  #177-D: variable "k" was declared but never referenced
  	u8 k=0;
stm32f4xx_it.c: 1 warning, 0 errors
compiling system_stm32f4xx.c...
compiling main.c...
main.c(38): warning:  #1-D: last line of file ends without a newline
  }
main.c: 1 warning, 0 errors
compiling usart1.c...
compiling usart2.c...
compiling timer3.c...
compiling timer4.c...
compiling fourG.c...
..\HARDWARE\fourG\fourG.c(113): warning:  #177-D: variable "a" was declared but never referenced
  	char a=0;
..\HARDWARE\fourG\fourG.c: 1 warning, 0 errors
compiling mqtt.c...
compiling key.c...
compiling led.c...
compiling commu.c...
compiling gcan600.c...
..\HARDWARE\gcan600\gcan600.c(4): warning:  #177-D: variable "i" was declared but never referenced
  	float i=17;
..\HARDWARE\gcan600\gcan600.c: 1 warning, 0 errors
compiling timer2.c...
compiling usart3.c...
compiling uart4.c...
compiling delay.c...
compiling mygps.c...
..\HARDWARE\mygps\mygps.c(134): warning:  #1-D: last line of file ends without a newline
  }
..\HARDWARE\mygps\mygps.c(98): warning:  #177-D: variable "temp_Data" was declared but never referenced
  	char *temp_Data;
..\HARDWARE\mygps\mygps.c(99): warning:  #177-D: variable "i" was declared but never referenced
  	float i=17;
..\HARDWARE\mygps\mygps.c: 3 warnings, 0 errors
assembling startup_stm32f40_41xxx.s...
compiling sys.c...
compiling usart.c...
compiling misc.c...
compiling stm32f4xx_gpio.c...
compiling stm32f4xx_syscfg.c...
compiling stm32f4xx_rcc.c...
compiling stm32f4xx_usart.c...
compiling stm32f4xx_exti.c...
compiling stm32f4xx_tim.c...
compiling utils_hmac.c...
compiling utils_md5.c...
compiling utils_sha1.c...
linking...
Program Size: Code=24462 RO-data=1414 RW-data=124 ZI-data=13124  
FromELF: creating hex file...
"..\OBJ\LED.axf" - 0 Error(s), 7 Warning(s).

<h2>Collection of Component include folders:</h2>
  D:\githubdata\carinformation\carinformation\USER\RTE
  H:\software\keil5mdk\ARM\PACK\Keil\STM32F4xx_DFP\2.14.0\Drivers\CMSIS\Device\ST\STM32F4xx\Include

<h2>Collection of Component Files used:</h2>
Build Time Elapsed:  00:00:12
</pre>
</body>
</html>
