Component: ARM Compiler 5.06 update 5 (build 528) Tool: armlink [4d35e2]

==============================================================================

Section Cross References

    main.o(i.main) refers to delay.o(i.delay_init) for delay_init
    main.o(i.main) refers to led.o(i.LED_Init) for LED_Init
    main.o(i.main) refers to usart1.o(i.Usart1_Init) for Usart1_Init
    main.o(i.main) refers to usart2.o(i.Usart2_Init) for Usart2_Init
    main.o(i.main) refers to timer4.o(i.TIM4_Init) for TIM4_Init
    main.o(i.main) refers to usart3.o(i.usart3_Init) for usart3_Init
    main.o(i.main) refers to timer2.o(i.timer2_Enable_5s) for timer2_Enable_5s
    main.o(i.main) refers to usart1.o(i.u1_printf) for u1_printf
    main.o(i.main) refers to stm32f4xx_tim.o(i.TIM_Cmd) for TIM_Cmd
    main.o(i.main) refers to key.o(i.KEY_Init) for KEY_Init
    main.o(i.main) refers to fourg.o(i.fourG_ResetIO_Init) for fourG_ResetIO_Init
    main.o(i.main) refers to mqtt.o(i.AliIoT_Parameter_Init) for AliIoT_Parameter_Init
    main.o(i.main) refers to delay.o(i.delay_ms) for delay_ms
    main.o(i.main) refers to commu.o(i.communication) for communication
    stm32f4xx_it.o(i.TIM2_IRQHandler) refers to stm32f4xx_tim.o(i.TIM_GetITStatus) for TIM_GetITStatus
    stm32f4xx_it.o(i.TIM2_IRQHandler) refers to usart1.o(i.u1_printf) for u1_printf
    stm32f4xx_it.o(i.TIM2_IRQHandler) refers to usart3.o(i.u3_printf) for u3_printf
    stm32f4xx_it.o(i.TIM2_IRQHandler) refers to strstr.o(.text) for strstr
    stm32f4xx_it.o(i.TIM2_IRQHandler) refers to gcan600.o(i.GCAN600_Data) for GCAN600_Data
    stm32f4xx_it.o(i.TIM2_IRQHandler) refers to stm32f4xx_tim.o(i.TIM_ClearITPendingBit) for TIM_ClearITPendingBit
    stm32f4xx_it.o(i.TIM2_IRQHandler) refers to usart3.o(.bss) for usart3_RxBuff
    stm32f4xx_it.o(i.TIM2_IRQHandler) refers to usart3.o(.data) for usart3_RxCounter
    stm32f4xx_it.o(i.TIM2_IRQHandler) refers to stm32f4xx_it.o(.data) for data_Flag
    stm32f4xx_it.o(i.TIM3_IRQHandler) refers to stm32f4xx_tim.o(i.TIM_GetITStatus) for TIM_GetITStatus
    stm32f4xx_it.o(i.TIM3_IRQHandler) refers to mqtt.o(i.MQTT_PingREQ) for MQTT_PingREQ
    stm32f4xx_it.o(i.TIM3_IRQHandler) refers to timer3.o(i.TIM3_ENABLE_2S) for TIM3_ENABLE_2S
    stm32f4xx_it.o(i.TIM3_IRQHandler) refers to stm32f4xx_tim.o(i.TIM_Cmd) for TIM_Cmd
    stm32f4xx_it.o(i.TIM3_IRQHandler) refers to stm32f4xx_tim.o(i.TIM_ClearITPendingBit) for TIM_ClearITPendingBit
    stm32f4xx_it.o(i.TIM3_IRQHandler) refers to mqtt.o(.data) for Ping_flag
    stm32f4xx_it.o(i.TIM4_IRQHandler) refers to stm32f4xx_tim.o(i.TIM_GetITStatus) for TIM_GetITStatus
    stm32f4xx_it.o(i.TIM4_IRQHandler) refers to rt_memcpy_v6.o(.text) for __aeabi_memcpy
    stm32f4xx_it.o(i.TIM4_IRQHandler) refers to stm32f4xx_tim.o(i.TIM_SetCounter) for TIM_SetCounter
    stm32f4xx_it.o(i.TIM4_IRQHandler) refers to stm32f4xx_tim.o(i.TIM_Cmd) for TIM_Cmd
    stm32f4xx_it.o(i.TIM4_IRQHandler) refers to stm32f4xx_tim.o(i.TIM_ClearITPendingBit) for TIM_ClearITPendingBit
    stm32f4xx_it.o(i.TIM4_IRQHandler) refers to usart2.o(.data) for Usart2_RxCounter
    stm32f4xx_it.o(i.TIM4_IRQHandler) refers to usart2.o(.bss) for Usart2_RxBuff
    stm32f4xx_it.o(i.TIM4_IRQHandler) refers to mqtt.o(.data) for MQTT_RxDataInPtr
    stm32f4xx_it.o(i.TIM4_IRQHandler) refers to mqtt.o(.bss) for MQTT_RxDataBuf
    stm32f4xx_it.o(i.USART2_IRQHandler) refers to stm32f4xx_usart.o(i.USART_GetITStatus) for USART_GetITStatus
    stm32f4xx_it.o(i.USART2_IRQHandler) refers to stm32f4xx_tim.o(i.TIM_Cmd) for TIM_Cmd
    stm32f4xx_it.o(i.USART2_IRQHandler) refers to stm32f4xx_tim.o(i.TIM_SetCounter) for TIM_SetCounter
    stm32f4xx_it.o(i.USART2_IRQHandler) refers to mqtt.o(.data) for Connect_flag
    stm32f4xx_it.o(i.USART2_IRQHandler) refers to usart2.o(.bss) for Usart2_RxBuff
    stm32f4xx_it.o(i.USART2_IRQHandler) refers to usart2.o(.data) for Usart2_RxCounter
    stm32f4xx_it.o(i.USART3_IRQHandler) refers to stm32f4xx_usart.o(i.USART_GetITStatus) for USART_GetITStatus
    stm32f4xx_it.o(i.USART3_IRQHandler) refers to usart3.o(.bss) for usart3_RxBuff
    stm32f4xx_it.o(i.USART3_IRQHandler) refers to usart3.o(.data) for usart3_RxCounter
    stm32f4xx_it.o(i.USART4_IRQHandler) refers to stm32f4xx_usart.o(i.USART_GetITStatus) for USART_GetITStatus
    stm32f4xx_it.o(i.USART4_IRQHandler) refers to uart4.o(.bss) for uart4_RxBuff
    stm32f4xx_it.o(i.USART4_IRQHandler) refers to uart4.o(.data) for uart4_RxCounter
    system_stm32f4xx.o(i.SystemCoreClockUpdate) refers to system_stm32f4xx.o(.data) for SystemCoreClock
    system_stm32f4xx.o(i.SystemInit) refers to system_stm32f4xx.o(i.SetSysClock) for SetSysClock
    usart1.o(i.Usart1_Init) refers to stm32f4xx_rcc.o(i.RCC_APB2PeriphClockCmd) for RCC_APB2PeriphClockCmd
    usart1.o(i.Usart1_Init) refers to stm32f4xx_rcc.o(i.RCC_AHB1PeriphClockCmd) for RCC_AHB1PeriphClockCmd
    usart1.o(i.Usart1_Init) refers to stm32f4xx_usart.o(i.USART_DeInit) for USART_DeInit
    usart1.o(i.Usart1_Init) refers to stm32f4xx_gpio.o(i.GPIO_PinAFConfig) for GPIO_PinAFConfig
    usart1.o(i.Usart1_Init) refers to stm32f4xx_gpio.o(i.GPIO_Init) for GPIO_Init
    usart1.o(i.Usart1_Init) refers to stm32f4xx_usart.o(i.USART_Init) for USART_Init
    usart1.o(i.Usart1_Init) refers to stm32f4xx_usart.o(i.USART_Cmd) for USART_Cmd
    usart1.o(i.u1_printf) refers to c89vsprintf.o(.text) for __c89vsprintf
    usart1.o(i.u1_printf) refers to strlen.o(.text) for strlen
    usart1.o(i.u1_printf) refers to usart1.o(.bss) for Usart1_TxBuff
    usart2.o(i.Usart2_Init) refers to misc.o(i.NVIC_PriorityGroupConfig) for NVIC_PriorityGroupConfig
    usart2.o(i.Usart2_Init) refers to stm32f4xx_rcc.o(i.RCC_APB1PeriphClockCmd) for RCC_APB1PeriphClockCmd
    usart2.o(i.Usart2_Init) refers to stm32f4xx_rcc.o(i.RCC_AHB1PeriphClockCmd) for RCC_AHB1PeriphClockCmd
    usart2.o(i.Usart2_Init) refers to stm32f4xx_usart.o(i.USART_DeInit) for USART_DeInit
    usart2.o(i.Usart2_Init) refers to stm32f4xx_gpio.o(i.GPIO_PinAFConfig) for GPIO_PinAFConfig
    usart2.o(i.Usart2_Init) refers to stm32f4xx_gpio.o(i.GPIO_Init) for GPIO_Init
    usart2.o(i.Usart2_Init) refers to stm32f4xx_usart.o(i.USART_Init) for USART_Init
    usart2.o(i.Usart2_Init) refers to stm32f4xx_usart.o(i.USART_ClearFlag) for USART_ClearFlag
    usart2.o(i.Usart2_Init) refers to stm32f4xx_usart.o(i.USART_ITConfig) for USART_ITConfig
    usart2.o(i.Usart2_Init) refers to misc.o(i.NVIC_Init) for NVIC_Init
    usart2.o(i.Usart2_Init) refers to stm32f4xx_usart.o(i.USART_Cmd) for USART_Cmd
    usart2.o(i.u2_printf) refers to c89vsprintf.o(.text) for __c89vsprintf
    usart2.o(i.u2_printf) refers to strlen.o(.text) for strlen
    usart2.o(i.u2_printf) refers to usart2.o(.bss) for USART2_TxBuff
    timer3.o(i.TIM3_ENABLE_2S) refers to misc.o(i.NVIC_PriorityGroupConfig) for NVIC_PriorityGroupConfig
    timer3.o(i.TIM3_ENABLE_2S) refers to stm32f4xx_rcc.o(i.RCC_APB1PeriphClockCmd) for RCC_APB1PeriphClockCmd
    timer3.o(i.TIM3_ENABLE_2S) refers to stm32f4xx_tim.o(i.TIM_DeInit) for TIM_DeInit
    timer3.o(i.TIM3_ENABLE_2S) refers to stm32f4xx_tim.o(i.TIM_TimeBaseInit) for TIM_TimeBaseInit
    timer3.o(i.TIM3_ENABLE_2S) refers to stm32f4xx_tim.o(i.TIM_ClearITPendingBit) for TIM_ClearITPendingBit
    timer3.o(i.TIM3_ENABLE_2S) refers to stm32f4xx_tim.o(i.TIM_ITConfig) for TIM_ITConfig
    timer3.o(i.TIM3_ENABLE_2S) refers to stm32f4xx_tim.o(i.TIM_Cmd) for TIM_Cmd
    timer3.o(i.TIM3_ENABLE_2S) refers to misc.o(i.NVIC_Init) for NVIC_Init
    timer3.o(i.TIM3_ENABLE_30S) refers to misc.o(i.NVIC_PriorityGroupConfig) for NVIC_PriorityGroupConfig
    timer3.o(i.TIM3_ENABLE_30S) refers to stm32f4xx_rcc.o(i.RCC_APB1PeriphClockCmd) for RCC_APB1PeriphClockCmd
    timer3.o(i.TIM3_ENABLE_30S) refers to stm32f4xx_tim.o(i.TIM_DeInit) for TIM_DeInit
    timer3.o(i.TIM3_ENABLE_30S) refers to stm32f4xx_tim.o(i.TIM_TimeBaseInit) for TIM_TimeBaseInit
    timer3.o(i.TIM3_ENABLE_30S) refers to stm32f4xx_tim.o(i.TIM_ClearITPendingBit) for TIM_ClearITPendingBit
    timer3.o(i.TIM3_ENABLE_30S) refers to stm32f4xx_tim.o(i.TIM_ITConfig) for TIM_ITConfig
    timer3.o(i.TIM3_ENABLE_30S) refers to stm32f4xx_tim.o(i.TIM_Cmd) for TIM_Cmd
    timer3.o(i.TIM3_ENABLE_30S) refers to misc.o(i.NVIC_Init) for NVIC_Init
    timer4.o(i.TIM4_Init) refers to misc.o(i.NVIC_PriorityGroupConfig) for NVIC_PriorityGroupConfig
    timer4.o(i.TIM4_Init) refers to stm32f4xx_rcc.o(i.RCC_APB1PeriphClockCmd) for RCC_APB1PeriphClockCmd
    timer4.o(i.TIM4_Init) refers to stm32f4xx_tim.o(i.TIM_TimeBaseInit) for TIM_TimeBaseInit
    timer4.o(i.TIM4_Init) refers to stm32f4xx_tim.o(i.TIM_ClearITPendingBit) for TIM_ClearITPendingBit
    timer4.o(i.TIM4_Init) refers to stm32f4xx_tim.o(i.TIM_ITConfig) for TIM_ITConfig
    timer4.o(i.TIM4_Init) refers to stm32f4xx_tim.o(i.TIM_Cmd) for TIM_Cmd
    timer4.o(i.TIM4_Init) refers to misc.o(i.NVIC_Init) for NVIC_Init
    mqtt.o(i.AliIoT_Parameter_Init) refers to _printf_percent.o(.ARM.Collect$$_printf_percent$$00000000) for _printf_percent
    mqtt.o(i.AliIoT_Parameter_Init) refers to _printf_s.o(.ARM.Collect$$_printf_percent$$00000014) for _printf_s
    mqtt.o(i.AliIoT_Parameter_Init) refers to _printf_str.o(.text) for _printf_str
    mqtt.o(i.AliIoT_Parameter_Init) refers to aeabi_memset.o(.text) for __aeabi_memset
    mqtt.o(i.AliIoT_Parameter_Init) refers to __2sprintf.o(.text) for __2sprintf
    mqtt.o(i.AliIoT_Parameter_Init) refers to strlen.o(.text) for strlen
    mqtt.o(i.AliIoT_Parameter_Init) refers to utils_hmac.o(i.utils_hmac_sha1) for utils_hmac_sha1
    mqtt.o(i.AliIoT_Parameter_Init) refers to usart1.o(i.u1_printf) for u1_printf
    mqtt.o(i.AliIoT_Parameter_Init) refers to mqtt.o(.bss) for ClientID
    mqtt.o(i.AliIoT_Parameter_Init) refers to mqtt.o(.data) for ClientID_len
    mqtt.o(i.CMDBuf_Deal) refers to rt_memcpy_v6.o(.text) for __aeabi_memcpy
    mqtt.o(i.CMDBuf_Deal) refers to mqtt.o(.data) for MQTT_CMDInPtr
    mqtt.o(i.CMDBuf_Deal) refers to mqtt.o(.bss) for MQTT_CMDBuf
    mqtt.o(i.MQTT_Buff_Init) refers to mqtt.o(i.MQTT_ConectPack) for MQTT_ConectPack
    mqtt.o(i.MQTT_Buff_Init) refers to mqtt.o(i.MQTT_Subscribe) for MQTT_Subscribe
    mqtt.o(i.MQTT_Buff_Init) refers to mqtt.o(.bss) for MQTT_RxDataBuf
    mqtt.o(i.MQTT_Buff_Init) refers to mqtt.o(.data) for MQTT_RxDataInPtr
    mqtt.o(i.MQTT_ConectPack) refers to rt_memcpy_v6.o(.text) for __aeabi_memcpy
    mqtt.o(i.MQTT_ConectPack) refers to mqtt.o(i.TxDataBuf_Deal) for TxDataBuf_Deal
    mqtt.o(i.MQTT_ConectPack) refers to mqtt.o(.data) for Fixed_len
    mqtt.o(i.MQTT_ConectPack) refers to mqtt.o(.bss) for temp_buff
    mqtt.o(i.MQTT_DealPushdata_Qs0) refers to usart1.o(i.u1_printf) for u1_printf
    mqtt.o(i.MQTT_DealPushdata_Qs0) refers to rt_memcpy_v6.o(.text) for __aeabi_memcpy
    mqtt.o(i.MQTT_DealPushdata_Qs0) refers to mqtt.o(i.CMDBuf_Deal) for CMDBuf_Deal
    mqtt.o(i.MQTT_PingREQ) refers to mqtt.o(i.TxDataBuf_Deal) for TxDataBuf_Deal
    mqtt.o(i.MQTT_PingREQ) refers to mqtt.o(.bss) for temp_buff
    mqtt.o(i.MQTT_PublishQs0) refers to strlen.o(.text) for strlen
    mqtt.o(i.MQTT_PublishQs0) refers to rt_memcpy_v6.o(.text) for __aeabi_memcpy
    mqtt.o(i.MQTT_PublishQs0) refers to mqtt.o(i.TxDataBuf_Deal) for TxDataBuf_Deal
    mqtt.o(i.MQTT_PublishQs0) refers to mqtt.o(.data) for Fixed_len
    mqtt.o(i.MQTT_PublishQs0) refers to mqtt.o(.bss) for temp_buff
    mqtt.o(i.MQTT_Subscribe) refers to strlen.o(.text) for strlen
    mqtt.o(i.MQTT_Subscribe) refers to rt_memcpy_v6.o(.text) for __aeabi_memcpy
    mqtt.o(i.MQTT_Subscribe) refers to mqtt.o(i.TxDataBuf_Deal) for TxDataBuf_Deal
    mqtt.o(i.MQTT_Subscribe) refers to mqtt.o(.data) for Fixed_len
    mqtt.o(i.MQTT_Subscribe) refers to mqtt.o(.bss) for temp_buff
    mqtt.o(i.TxDataBuf_Deal) refers to rt_memcpy_v6.o(.text) for __aeabi_memcpy
    mqtt.o(i.TxDataBuf_Deal) refers to mqtt.o(.data) for MQTT_TxDataInPtr
    mqtt.o(i.TxDataBuf_Deal) refers to mqtt.o(.bss) for MQTT_TxDataBuf
    fourg.o(i.fourG_Connect_IoTServer) refers to usart1.o(i.u1_printf) for u1_printf
    fourg.o(i.fourG_Connect_IoTServer) refers to fourg.o(i.fourG_commandMode) for fourG_commandMode
    fourg.o(i.fourG_Connect_IoTServer) refers to fourg.o(i.fourG_Reset) for fourG_Reset
    fourg.o(i.fourG_Connect_IoTServer) refers to fourg.o(i.fourG_Connect_Server) for fourG_Connect_Server
    fourg.o(i.fourG_Connect_Server) refers to rt_memclr.o(.text) for __aeabi_memclr
    fourg.o(i.fourG_Connect_Server) refers to usart2.o(i.u2_printf) for u2_printf
    fourg.o(i.fourG_Connect_Server) refers to delay.o(i.delay_ms) for delay_ms
    fourg.o(i.fourG_Connect_Server) refers to strstr.o(.text) for strstr
    fourg.o(i.fourG_Connect_Server) refers to usart1.o(i.u1_printf) for u1_printf
    fourg.o(i.fourG_Connect_Server) refers to usart2.o(.data) for Usart2_RxCounter
    fourg.o(i.fourG_Connect_Server) refers to usart2.o(.bss) for Usart2_RxBuff
    fourg.o(i.fourG_Connect_Server) refers to mqtt.o(.data) for ServerPort
    fourg.o(i.fourG_Connect_Server) refers to mqtt.o(.bss) for ServerIP
    fourg.o(i.fourG_Reset) refers to delay.o(i.delay_ms) for delay_ms
    fourg.o(i.fourG_Reset) refers to usart2.o(i.u2_printf) for u2_printf
    fourg.o(i.fourG_Reset) refers to strstr.o(.text) for strstr
    fourg.o(i.fourG_Reset) refers to usart1.o(i.u1_printf) for u1_printf
    fourg.o(i.fourG_Reset) refers to usart2.o(.bss) for Usart2_RxBuff
    fourg.o(i.fourG_ResetIO_Init) refers to stm32f4xx_rcc.o(i.RCC_AHB1PeriphClockCmd) for RCC_AHB1PeriphClockCmd
    fourg.o(i.fourG_ResetIO_Init) refers to stm32f4xx_gpio.o(i.GPIO_Init) for GPIO_Init
    fourg.o(i.fourG_ResetIO_Init) refers to stm32f4xx_gpio.o(i.GPIO_WriteBit) for GPIO_WriteBit
    fourg.o(i.fourG_SendCmd) refers to rt_memclr.o(.text) for __aeabi_memclr
    fourg.o(i.fourG_SendCmd) refers to usart2.o(i.u2_printf) for u2_printf
    fourg.o(i.fourG_SendCmd) refers to delay.o(i.delay_ms) for delay_ms
    fourg.o(i.fourG_SendCmd) refers to strstr.o(.text) for strstr
    fourg.o(i.fourG_SendCmd) refers to usart1.o(i.u1_printf) for u1_printf
    fourg.o(i.fourG_SendCmd) refers to usart2.o(.data) for Usart2_RxCounter
    fourg.o(i.fourG_SendCmd) refers to usart2.o(.bss) for Usart2_RxBuff
    fourg.o(i.fourG_callMode) refers to rt_memclr.o(.text) for __aeabi_memclr
    fourg.o(i.fourG_callMode) refers to usart2.o(i.u2_printf) for u2_printf
    fourg.o(i.fourG_callMode) refers to delay.o(i.delay_ms) for delay_ms
    fourg.o(i.fourG_callMode) refers to strstr.o(.text) for strstr
    fourg.o(i.fourG_callMode) refers to usart1.o(i.u1_printf) for u1_printf
    fourg.o(i.fourG_callMode) refers to usart2.o(.data) for Usart2_RxCounter
    fourg.o(i.fourG_callMode) refers to usart2.o(.bss) for Usart2_RxBuff
    fourg.o(i.fourG_commandMode) refers to rt_memclr.o(.text) for __aeabi_memclr
    fourg.o(i.fourG_commandMode) refers to usart2.o(i.u2_printf) for u2_printf
    fourg.o(i.fourG_commandMode) refers to delay.o(i.delay_ms) for delay_ms
    fourg.o(i.fourG_commandMode) refers to strstr.o(.text) for strstr
    fourg.o(i.fourG_commandMode) refers to usart1.o(i.u1_printf) for u1_printf
    fourg.o(i.fourG_commandMode) refers to usart2.o(.data) for Usart2_RxCounter
    fourg.o(i.fourG_commandMode) refers to usart2.o(.bss) for Usart2_RxBuff
    key.o(i.KEY_Exti_Init) refers to stm32f4xx_rcc.o(i.RCC_APB2PeriphClockCmd) for RCC_APB2PeriphClockCmd
    key.o(i.KEY_Exti_Init) refers to stm32f4xx_syscfg.o(i.SYSCFG_EXTILineConfig) for SYSCFG_EXTILineConfig
    key.o(i.KEY_Exti_Init) refers to stm32f4xx_exti.o(i.EXTI_Init) for EXTI_Init
    key.o(i.KEY_Exti_Init) refers to misc.o(i.NVIC_Init) for NVIC_Init
    key.o(i.KEY_Init) refers to stm32f4xx_rcc.o(i.RCC_AHB1PeriphClockCmd) for RCC_AHB1PeriphClockCmd
    key.o(i.KEY_Init) refers to stm32f4xx_gpio.o(i.GPIO_Init) for GPIO_Init
    key.o(i.KEY_Scan) refers to stm32f4xx_gpio.o(i.GPIO_ReadInputDataBit) for GPIO_ReadInputDataBit
    key.o(i.KEY_Scan) refers to delay.o(i.delay_ms) for delay_ms
    commu.o(i.LED1_State) refers to stm32f4xx_gpio.o(i.GPIO_ReadOutputDataBit) for GPIO_ReadOutputDataBit
    commu.o(i.LED1_State) refers to __2sprintf.o(.text) for __2sprintf
    commu.o(i.LED1_State) refers to strlen.o(.text) for strlen
    commu.o(i.LED1_State) refers to mqtt.o(i.MQTT_PublishQs0) for MQTT_PublishQs0
    commu.o(i.LED1_State) refers to commu.o(.conststring) for .conststring
    commu.o(i.communication) refers to usart1.o(i.u1_printf) for u1_printf
    commu.o(i.communication) refers to usart2.o(i.u2_TxData) for u2_TxData
    commu.o(i.communication) refers to timer3.o(i.TIM3_ENABLE_30S) for TIM3_ENABLE_30S
    commu.o(i.communication) refers to stm32f4xx_tim.o(i.TIM_Cmd) for TIM_Cmd
    commu.o(i.communication) refers to commu.o(i.LED1_State) for LED1_State
    commu.o(i.communication) refers to mqtt.o(i.MQTT_DealPushdata_Qs0) for MQTT_DealPushdata_Qs0
    commu.o(i.communication) refers to strstr.o(.text) for strstr
    commu.o(i.communication) refers to stm32f4xx_gpio.o(i.GPIO_ResetBits) for GPIO_ResetBits
    commu.o(i.communication) refers to stm32f4xx_gpio.o(i.GPIO_SetBits) for GPIO_SetBits
    commu.o(i.communication) refers to rt_memclr.o(.text) for __aeabi_memclr
    commu.o(i.communication) refers to fourg.o(i.fourG_Connect_IoTServer) for fourG_Connect_IoTServer
    commu.o(i.communication) refers to mqtt.o(i.MQTT_Buff_Init) for MQTT_Buff_Init
    commu.o(i.communication) refers to mqtt.o(.data) for Connect_flag
    commu.o(i.communication) refers to mqtt.o(.bss) for MQTT_TxDataBuf
    commu.o(i.communication) refers to usart2.o(.data) for Usart2_RxCounter
    commu.o(i.communication) refers to usart2.o(.bss) for Usart2_RxBuff
    led.o(i.LED_AllOff) refers to stm32f4xx_gpio.o(i.GPIO_SetBits) for GPIO_SetBits
    led.o(i.LED_AllOn) refers to stm32f4xx_gpio.o(i.GPIO_ResetBits) for GPIO_ResetBits
    led.o(i.LED_Init) refers to stm32f4xx_rcc.o(i.RCC_AHB1PeriphClockCmd) for RCC_AHB1PeriphClockCmd
    led.o(i.LED_Init) refers to stm32f4xx_gpio.o(i.GPIO_Init) for GPIO_Init
    led.o(i.LED_Init) refers to led.o(i.LED_AllOff) for LED_AllOff
    gcan600.o(i.GCAN600_Data) refers to _printf_percent.o(.ARM.Collect$$_printf_percent$$00000000) for _printf_percent
    gcan600.o(i.GCAN600_Data) refers to _printf_s.o(.ARM.Collect$$_printf_percent$$00000014) for _printf_s
    gcan600.o(i.GCAN600_Data) refers to _printf_str.o(.text) for _printf_str
    gcan600.o(i.GCAN600_Data) refers to strstr.o(.text) for strstr
    gcan600.o(i.GCAN600_Data) refers to strlen.o(.text) for strlen
    gcan600.o(i.GCAN600_Data) refers to rt_memcpy_v6.o(.text) for __aeabi_memcpy
    gcan600.o(i.GCAN600_Data) refers to usart1.o(i.u1_printf) for u1_printf
    gcan600.o(i.GCAN600_Data) refers to __2sprintf.o(.text) for __2sprintf
    gcan600.o(i.GCAN600_Data) refers to mqtt.o(i.MQTT_PublishQs0) for MQTT_PublishQs0
    gcan600.o(i.GCAN600_Data) refers to usart3.o(.bss) for usart3_RxBuff
    gcan600.o(i.GCAN600_Data) refers to gcan600.o(.conststring) for .conststring
    timer2.o(i.timer2_Enable_5s) refers to stm32f4xx_rcc.o(i.RCC_APB1PeriphClockCmd) for RCC_APB1PeriphClockCmd
    timer2.o(i.timer2_Enable_5s) refers to stm32f4xx_tim.o(i.TIM_DeInit) for TIM_DeInit
    timer2.o(i.timer2_Enable_5s) refers to stm32f4xx_tim.o(i.TIM_TimeBaseInit) for TIM_TimeBaseInit
    timer2.o(i.timer2_Enable_5s) refers to stm32f4xx_tim.o(i.TIM_ITConfig) for TIM_ITConfig
    timer2.o(i.timer2_Enable_5s) refers to misc.o(i.NVIC_Init) for NVIC_Init
    timer2.o(i.timer2_Enable_5s) refers to stm32f4xx_tim.o(i.TIM_ClearITPendingBit) for TIM_ClearITPendingBit
    timer2.o(i.timer2_Enable_5s) refers to usart1.o(i.u1_printf) for u1_printf
    usart3.o(i.u3_printf) refers to c89vsprintf.o(.text) for __c89vsprintf
    usart3.o(i.u3_printf) refers to strlen.o(.text) for strlen
    usart3.o(i.u3_printf) refers to usart3.o(.bss) for usart3_TxBuff
    usart3.o(i.usart3_Init) refers to stm32f4xx_rcc.o(i.RCC_APB1PeriphClockCmd) for RCC_APB1PeriphClockCmd
    usart3.o(i.usart3_Init) refers to stm32f4xx_rcc.o(i.RCC_AHB1PeriphClockCmd) for RCC_AHB1PeriphClockCmd
    usart3.o(i.usart3_Init) refers to stm32f4xx_usart.o(i.USART_DeInit) for USART_DeInit
    usart3.o(i.usart3_Init) refers to stm32f4xx_gpio.o(i.GPIO_PinAFConfig) for GPIO_PinAFConfig
    usart3.o(i.usart3_Init) refers to misc.o(i.NVIC_PriorityGroupConfig) for NVIC_PriorityGroupConfig
    usart3.o(i.usart3_Init) refers to stm32f4xx_gpio.o(i.GPIO_Init) for GPIO_Init
    usart3.o(i.usart3_Init) refers to stm32f4xx_usart.o(i.USART_Init) for USART_Init
    usart3.o(i.usart3_Init) refers to stm32f4xx_usart.o(i.USART_ITConfig) for USART_ITConfig
    usart3.o(i.usart3_Init) refers to misc.o(i.NVIC_Init) for NVIC_Init
    usart3.o(i.usart3_Init) refers to stm32f4xx_usart.o(i.USART_Cmd) for USART_Cmd
    uart4.o(i.uart4_Init) refers to stm32f4xx_rcc.o(i.RCC_APB1PeriphClockCmd) for RCC_APB1PeriphClockCmd
    uart4.o(i.uart4_Init) refers to stm32f4xx_rcc.o(i.RCC_AHB1PeriphClockCmd) for RCC_AHB1PeriphClockCmd
    uart4.o(i.uart4_Init) refers to stm32f4xx_usart.o(i.USART_DeInit) for USART_DeInit
    uart4.o(i.uart4_Init) refers to stm32f4xx_gpio.o(i.GPIO_PinAFConfig) for GPIO_PinAFConfig
    uart4.o(i.uart4_Init) refers to misc.o(i.NVIC_PriorityGroupConfig) for NVIC_PriorityGroupConfig
    uart4.o(i.uart4_Init) refers to stm32f4xx_gpio.o(i.GPIO_Init) for GPIO_Init
    uart4.o(i.uart4_Init) refers to stm32f4xx_usart.o(i.USART_Init) for USART_Init
    uart4.o(i.uart4_Init) refers to stm32f4xx_usart.o(i.USART_ITConfig) for USART_ITConfig
    uart4.o(i.uart4_Init) refers to misc.o(i.NVIC_Init) for NVIC_Init
    uart4.o(i.uart4_Init) refers to stm32f4xx_usart.o(i.USART_Cmd) for USART_Cmd
    mygps.o(i.errorLog) refers to _printf_percent.o(.ARM.Collect$$_printf_percent$$00000000) for _printf_percent
    mygps.o(i.errorLog) refers to _printf_d.o(.ARM.Collect$$_printf_percent$$00000009) for _printf_d
    mygps.o(i.errorLog) refers to _printf_dec.o(.text) for _printf_int_dec
    mygps.o(i.errorLog) refers to __2printf.o(.text) for __2printf
    mygps.o(i.parseGpsBuffer) refers to __2printf.o(.text) for __2printf
    mygps.o(i.parseGpsBuffer) refers to c89printf.o(.text) for __c89printf
    mygps.o(i.parseGpsBuffer) refers to strstr.o(.text) for strstr
    mygps.o(i.parseGpsBuffer) refers to mygps.o(i.errorLog) for errorLog
    mygps.o(i.parseGpsBuffer) refers to rt_memcpy_v6.o(.text) for __aeabi_memcpy
    mygps.o(i.parseGpsBuffer) refers to stm32f4xx_it.o(.bss) for Save_Data
    mygps.o(i.parseGpsBuffer) refers to uart4.o(.bss) for Save_Data
    mygps.o(i.parseGpsBuffer) refers to mygps.o(.bss) for Save_Data
    mygps.o(i.printGpsBuffer) refers to __2printf.o(.text) for __2printf
    mygps.o(i.printGpsBuffer) refers to c89printf.o(.text) for __c89printf
    mygps.o(i.printGpsBuffer) refers to stm32f4xx_it.o(.bss) for Save_Data
    mygps.o(i.printGpsBuffer) refers to uart4.o(.bss) for Save_Data
    mygps.o(i.printGpsBuffer) refers to mygps.o(.bss) for Save_Data
    delay.o(i.delay_init) refers to misc.o(i.SysTick_CLKSourceConfig) for SysTick_CLKSourceConfig
    delay.o(i.delay_init) refers to delay.o(.data) for fac_us
    delay.o(i.delay_ms) refers to delay.o(i.delay_xms) for delay_xms
    delay.o(i.delay_us) refers to delay.o(.data) for fac_us
    delay.o(i.delay_xms) refers to delay.o(.data) for fac_ms
    usart.o(.rev16_text) refers (Special) to use_no_semi_2.o(.text) for __use_no_semihosting
    usart.o(.revsh_text) refers (Special) to use_no_semi_2.o(.text) for __use_no_semihosting
    usart.o(i.USART1_IRQHandler) refers (Special) to use_no_semi_2.o(.text) for __use_no_semihosting
    usart.o(i.USART1_IRQHandler) refers to stm32f4xx_usart.o(i.USART_GetITStatus) for USART_GetITStatus
    usart.o(i.USART1_IRQHandler) refers to stm32f4xx_usart.o(i.USART_ReceiveData) for USART_ReceiveData
    usart.o(i.USART1_IRQHandler) refers to usart.o(.data) for USART_RX_STA
    usart.o(i.USART1_IRQHandler) refers to usart.o(.bss) for USART_RX_BUF
    usart.o(i._sys_exit) refers (Special) to use_no_semi_2.o(.text) for __use_no_semihosting
    usart.o(i.fputc) refers (Special) to use_no_semi_2.o(.text) for __use_no_semihosting
    usart.o(i.uart_init) refers (Special) to use_no_semi_2.o(.text) for __use_no_semihosting
    usart.o(i.uart_init) refers to stm32f4xx_rcc.o(i.RCC_APB2PeriphClockCmd) for RCC_APB2PeriphClockCmd
    usart.o(i.uart_init) refers to stm32f4xx_rcc.o(i.RCC_AHB1PeriphClockCmd) for RCC_AHB1PeriphClockCmd
    usart.o(i.uart_init) refers to stm32f4xx_usart.o(i.USART_DeInit) for USART_DeInit
    usart.o(i.uart_init) refers to stm32f4xx_gpio.o(i.GPIO_PinAFConfig) for GPIO_PinAFConfig
    usart.o(i.uart_init) refers to misc.o(i.NVIC_PriorityGroupConfig) for NVIC_PriorityGroupConfig
    usart.o(i.uart_init) refers to stm32f4xx_gpio.o(i.GPIO_Init) for GPIO_Init
    usart.o(i.uart_init) refers to stm32f4xx_usart.o(i.USART_Init) for USART_Init
    usart.o(i.uart_init) refers to stm32f4xx_usart.o(i.USART_ITConfig) for USART_ITConfig
    usart.o(i.uart_init) refers to misc.o(i.NVIC_Init) for NVIC_Init
    usart.o(i.uart_init) refers to stm32f4xx_usart.o(i.USART_Cmd) for USART_Cmd
    usart.o(i.uart_watching) refers (Special) to use_no_semi_2.o(.text) for __use_no_semihosting
    usart.o(i.uart_watching) refers to __2printf.o(.text) for __2printf
    usart.o(i.uart_watching) refers to stm32f4xx_usart.o(i.USART_SendData) for USART_SendData
    usart.o(i.uart_watching) refers to delay.o(i.delay_ms) for delay_ms
    usart.o(i.uart_watching) refers to usart.o(.data) for USART_RX_STA
    usart.o(i.uart_watching) refers to usart.o(.bss) for USART_RX_BUF
    usart.o(.bss) refers (Special) to use_no_semi_2.o(.text) for __use_no_semihosting
    usart.o(.data) refers (Special) to use_no_semi_2.o(.text) for __use_no_semihosting
    startup_stm32f40_41xxx.o(STACK) refers (Special) to heapauxi.o(.text) for __use_two_region_memory
    startup_stm32f40_41xxx.o(HEAP) refers (Special) to heapauxi.o(.text) for __use_two_region_memory
    startup_stm32f40_41xxx.o(RESET) refers (Special) to heapauxi.o(.text) for __use_two_region_memory
    startup_stm32f40_41xxx.o(RESET) refers to startup_stm32f40_41xxx.o(STACK) for __initial_sp
    startup_stm32f40_41xxx.o(RESET) refers to startup_stm32f40_41xxx.o(.text) for Reset_Handler
    startup_stm32f40_41xxx.o(RESET) refers to stm32f4xx_it.o(i.NMI_Handler) for NMI_Handler
    startup_stm32f40_41xxx.o(RESET) refers to stm32f4xx_it.o(i.HardFault_Handler) for HardFault_Handler
    startup_stm32f40_41xxx.o(RESET) refers to stm32f4xx_it.o(i.MemManage_Handler) for MemManage_Handler
    startup_stm32f40_41xxx.o(RESET) refers to stm32f4xx_it.o(i.BusFault_Handler) for BusFault_Handler
    startup_stm32f40_41xxx.o(RESET) refers to stm32f4xx_it.o(i.UsageFault_Handler) for UsageFault_Handler
    startup_stm32f40_41xxx.o(RESET) refers to stm32f4xx_it.o(i.SVC_Handler) for SVC_Handler
    startup_stm32f40_41xxx.o(RESET) refers to stm32f4xx_it.o(i.DebugMon_Handler) for DebugMon_Handler
    startup_stm32f40_41xxx.o(RESET) refers to stm32f4xx_it.o(i.PendSV_Handler) for PendSV_Handler
    startup_stm32f40_41xxx.o(RESET) refers to stm32f4xx_it.o(i.SysTick_Handler) for SysTick_Handler
    startup_stm32f40_41xxx.o(RESET) refers to stm32f4xx_it.o(i.TIM2_IRQHandler) for TIM2_IRQHandler
    startup_stm32f40_41xxx.o(RESET) refers to stm32f4xx_it.o(i.TIM3_IRQHandler) for TIM3_IRQHandler
    startup_stm32f40_41xxx.o(RESET) refers to stm32f4xx_it.o(i.TIM4_IRQHandler) for TIM4_IRQHandler
    startup_stm32f40_41xxx.o(RESET) refers to usart.o(i.USART1_IRQHandler) for USART1_IRQHandler
    startup_stm32f40_41xxx.o(RESET) refers to stm32f4xx_it.o(i.USART2_IRQHandler) for USART2_IRQHandler
    startup_stm32f40_41xxx.o(RESET) refers to stm32f4xx_it.o(i.USART3_IRQHandler) for USART3_IRQHandler
    startup_stm32f40_41xxx.o(.text) refers (Special) to heapauxi.o(.text) for __use_two_region_memory
    startup_stm32f40_41xxx.o(.text) refers to system_stm32f4xx.o(i.SystemInit) for SystemInit
    startup_stm32f40_41xxx.o(.text) refers to __main.o(!!!main) for __main
    startup_stm32f40_41xxx.o(.text) refers to startup_stm32f40_41xxx.o(HEAP) for Heap_Mem
    startup_stm32f40_41xxx.o(.text) refers to startup_stm32f40_41xxx.o(STACK) for Stack_Mem
    stm32f4xx_gpio.o(i.GPIO_DeInit) refers to stm32f4xx_rcc.o(i.RCC_AHB1PeriphResetCmd) for RCC_AHB1PeriphResetCmd
    stm32f4xx_rcc.o(i.RCC_GetClocksFreq) refers to stm32f4xx_rcc.o(.data) for APBAHBPrescTable
    stm32f4xx_rcc.o(i.RCC_WaitForHSEStartUp) refers to stm32f4xx_rcc.o(i.RCC_GetFlagStatus) for RCC_GetFlagStatus
    stm32f4xx_syscfg.o(i.SYSCFG_DeInit) refers to stm32f4xx_rcc.o(i.RCC_APB2PeriphResetCmd) for RCC_APB2PeriphResetCmd
    stm32f4xx_usart.o(i.USART_DeInit) refers to stm32f4xx_rcc.o(i.RCC_APB2PeriphResetCmd) for RCC_APB2PeriphResetCmd
    stm32f4xx_usart.o(i.USART_DeInit) refers to stm32f4xx_rcc.o(i.RCC_APB1PeriphResetCmd) for RCC_APB1PeriphResetCmd
    stm32f4xx_usart.o(i.USART_Init) refers to stm32f4xx_rcc.o(i.RCC_GetClocksFreq) for RCC_GetClocksFreq
    stm32f4xx_tim.o(i.TIM_DeInit) refers to stm32f4xx_rcc.o(i.RCC_APB2PeriphResetCmd) for RCC_APB2PeriphResetCmd
    stm32f4xx_tim.o(i.TIM_DeInit) refers to stm32f4xx_rcc.o(i.RCC_APB1PeriphResetCmd) for RCC_APB1PeriphResetCmd
    stm32f4xx_tim.o(i.TIM_ETRClockMode1Config) refers to stm32f4xx_tim.o(i.TIM_ETRConfig) for TIM_ETRConfig
    stm32f4xx_tim.o(i.TIM_ETRClockMode2Config) refers to stm32f4xx_tim.o(i.TIM_ETRConfig) for TIM_ETRConfig
    stm32f4xx_tim.o(i.TIM_ICInit) refers to stm32f4xx_tim.o(i.TI1_Config) for TI1_Config
    stm32f4xx_tim.o(i.TIM_ICInit) refers to stm32f4xx_tim.o(i.TIM_SetIC1Prescaler) for TIM_SetIC1Prescaler
    stm32f4xx_tim.o(i.TIM_ICInit) refers to stm32f4xx_tim.o(i.TI2_Config) for TI2_Config
    stm32f4xx_tim.o(i.TIM_ICInit) refers to stm32f4xx_tim.o(i.TIM_SetIC2Prescaler) for TIM_SetIC2Prescaler
    stm32f4xx_tim.o(i.TIM_ICInit) refers to stm32f4xx_tim.o(i.TI3_Config) for TI3_Config
    stm32f4xx_tim.o(i.TIM_ICInit) refers to stm32f4xx_tim.o(i.TIM_SetIC3Prescaler) for TIM_SetIC3Prescaler
    stm32f4xx_tim.o(i.TIM_ICInit) refers to stm32f4xx_tim.o(i.TI4_Config) for TI4_Config
    stm32f4xx_tim.o(i.TIM_ICInit) refers to stm32f4xx_tim.o(i.TIM_SetIC4Prescaler) for TIM_SetIC4Prescaler
    stm32f4xx_tim.o(i.TIM_ITRxExternalClockConfig) refers to stm32f4xx_tim.o(i.TIM_SelectInputTrigger) for TIM_SelectInputTrigger
    stm32f4xx_tim.o(i.TIM_PWMIConfig) refers to stm32f4xx_tim.o(i.TI1_Config) for TI1_Config
    stm32f4xx_tim.o(i.TIM_PWMIConfig) refers to stm32f4xx_tim.o(i.TIM_SetIC1Prescaler) for TIM_SetIC1Prescaler
    stm32f4xx_tim.o(i.TIM_PWMIConfig) refers to stm32f4xx_tim.o(i.TI2_Config) for TI2_Config
    stm32f4xx_tim.o(i.TIM_PWMIConfig) refers to stm32f4xx_tim.o(i.TIM_SetIC2Prescaler) for TIM_SetIC2Prescaler
    stm32f4xx_tim.o(i.TIM_TIxExternalClockConfig) refers to stm32f4xx_tim.o(i.TI2_Config) for TI2_Config
    stm32f4xx_tim.o(i.TIM_TIxExternalClockConfig) refers to stm32f4xx_tim.o(i.TI1_Config) for TI1_Config
    stm32f4xx_tim.o(i.TIM_TIxExternalClockConfig) refers to stm32f4xx_tim.o(i.TIM_SelectInputTrigger) for TIM_SelectInputTrigger
    utils_hmac.o(i.base64_decode) refers to aeabi_memset.o(.text) for __aeabi_memset
    utils_hmac.o(i.base64_decode) refers to utils_hmac.o(.data) for base64char
    utils_hmac.o(i.utils_hmac_md5) refers to rt_memclr_w.o(.text) for __aeabi_memclr4
    utils_hmac.o(i.utils_hmac_md5) refers to rt_memcpy_v6.o(.text) for __aeabi_memcpy
    utils_hmac.o(i.utils_hmac_md5) refers to utils_md5.o(i.utils_md5_init) for utils_md5_init
    utils_hmac.o(i.utils_hmac_md5) refers to utils_md5.o(i.utils_md5_starts) for utils_md5_starts
    utils_hmac.o(i.utils_hmac_md5) refers to utils_md5.o(i.utils_md5_update) for utils_md5_update
    utils_hmac.o(i.utils_hmac_md5) refers to utils_md5.o(i.utils_md5_finish) for utils_md5_finish
    utils_hmac.o(i.utils_hmac_md5) refers to utils_md5.o(i.utils_hb2hex) for utils_hb2hex
    utils_hmac.o(i.utils_hmac_sha1) refers to rt_memclr_w.o(.text) for __aeabi_memclr4
    utils_hmac.o(i.utils_hmac_sha1) refers to rt_memcpy_v6.o(.text) for __aeabi_memcpy
    utils_hmac.o(i.utils_hmac_sha1) refers to utils_sha1.o(i.utils_sha1_init) for utils_sha1_init
    utils_hmac.o(i.utils_hmac_sha1) refers to utils_sha1.o(i.utils_sha1_starts) for utils_sha1_starts
    utils_hmac.o(i.utils_hmac_sha1) refers to utils_sha1.o(i.utils_sha1_update) for utils_sha1_update
    utils_hmac.o(i.utils_hmac_sha1) refers to utils_sha1.o(i.utils_sha1_finish) for utils_sha1_finish
    utils_hmac.o(i.utils_hmac_sha1) refers to utils_md5.o(i.utils_hb2hex) for utils_hb2hex
    utils_hmac.o(.data) refers to utils_hmac.o(.conststring) for .conststring
    utils_md5.o(i.utils_md5) refers to utils_md5.o(i.utils_md5_init) for utils_md5_init
    utils_md5.o(i.utils_md5) refers to utils_md5.o(i.utils_md5_starts) for utils_md5_starts
    utils_md5.o(i.utils_md5) refers to utils_md5.o(i.utils_md5_update) for utils_md5_update
    utils_md5.o(i.utils_md5) refers to utils_md5.o(i.utils_md5_finish) for utils_md5_finish
    utils_md5.o(i.utils_md5) refers to utils_md5.o(i.utils_md5_free) for utils_md5_free
    utils_md5.o(i.utils_md5_clone) refers to rt_memcpy_w.o(.text) for __aeabi_memcpy4
    utils_md5.o(i.utils_md5_finish) refers to utils_md5.o(i.utils_md5_update) for utils_md5_update
    utils_md5.o(i.utils_md5_finish) refers to utils_md5.o(.constdata) for iot_md5_padding
    utils_md5.o(i.utils_md5_free) refers to utils_md5.o(i._utils_md5_zeroize) for _utils_md5_zeroize
    utils_md5.o(i.utils_md5_init) refers to rt_memclr_w.o(.text) for __aeabi_memclr4
    utils_md5.o(i.utils_md5_update) refers to rt_memcpy_v6.o(.text) for __aeabi_memcpy
    utils_md5.o(i.utils_md5_update) refers to utils_md5.o(i.utils_md5_process) for utils_md5_process
    utils_sha1.o(i.utils_sha1) refers to utils_sha1.o(i.utils_sha1_init) for utils_sha1_init
    utils_sha1.o(i.utils_sha1) refers to utils_sha1.o(i.utils_sha1_starts) for utils_sha1_starts
    utils_sha1.o(i.utils_sha1) refers to utils_sha1.o(i.utils_sha1_update) for utils_sha1_update
    utils_sha1.o(i.utils_sha1) refers to utils_sha1.o(i.utils_sha1_finish) for utils_sha1_finish
    utils_sha1.o(i.utils_sha1) refers to utils_sha1.o(i.utils_sha1_free) for utils_sha1_free
    utils_sha1.o(i.utils_sha1_clone) refers to rt_memcpy_w.o(.text) for __aeabi_memcpy4
    utils_sha1.o(i.utils_sha1_finish) refers to utils_sha1.o(i.utils_sha1_update) for utils_sha1_update
    utils_sha1.o(i.utils_sha1_finish) refers to utils_sha1.o(.constdata) for iot_sha1_padding
    utils_sha1.o(i.utils_sha1_free) refers to utils_sha1.o(i.utils_sha1_zeroize) for utils_sha1_zeroize
    utils_sha1.o(i.utils_sha1_init) refers to rt_memclr_w.o(.text) for __aeabi_memclr4
    utils_sha1.o(i.utils_sha1_update) refers to rt_memcpy_v6.o(.text) for __aeabi_memcpy
    utils_sha1.o(i.utils_sha1_update) refers to utils_sha1.o(i.utils_sha1_process) for utils_sha1_process
    use_no_semi_2.o(.text) refers (Special) to use_no_semi.o(.text) for __use_no_semihosting_swi
    c89printf.o(.text) refers (Special) to _printf_a.o(.ARM.Collect$$_printf_percent$$00000006) for _printf_a
    c89printf.o(.text) refers (Special) to _printf_c.o(.ARM.Collect$$_printf_percent$$00000013) for _printf_c
    c89printf.o(.text) refers (Special) to _printf_charcount.o(.text) for _printf_charcount
    c89printf.o(.text) refers (Special) to _printf_d.o(.ARM.Collect$$_printf_percent$$00000009) for _printf_d
    c89printf.o(.text) refers (Special) to _printf_e.o(.ARM.Collect$$_printf_percent$$00000004) for _printf_e
    c89printf.o(.text) refers (Special) to _printf_f.o(.ARM.Collect$$_printf_percent$$00000003) for _printf_f
    c89printf.o(.text) refers (Special) to printf1.o(x$fpl$printf1) for _printf_fp_dec
    c89printf.o(.text) refers (Special) to _printf_g.o(.ARM.Collect$$_printf_percent$$00000005) for _printf_g
    c89printf.o(.text) refers (Special) to _printf_i.o(.ARM.Collect$$_printf_percent$$00000008) for _printf_i
    c89printf.o(.text) refers (Special) to _printf_dec.o(.text) for _printf_int_dec
    c89printf.o(.text) refers (Special) to _printf_l.o(.ARM.Collect$$_printf_percent$$00000012) for _printf_l
    c89printf.o(.text) refers (Special) to _printf_lc.o(.ARM.Collect$$_printf_percent$$00000015) for _printf_lc
    c89printf.o(.text) refers (Special) to _printf_ll.o(.ARM.Collect$$_printf_percent$$00000007) for _printf_ll
    c89printf.o(.text) refers (Special) to _printf_lld.o(.ARM.Collect$$_printf_percent$$0000000E) for _printf_lld
    c89printf.o(.text) refers (Special) to _printf_lli.o(.ARM.Collect$$_printf_percent$$0000000D) for _printf_lli
    c89printf.o(.text) refers (Special) to _printf_llo.o(.ARM.Collect$$_printf_percent$$00000010) for _printf_llo
    c89printf.o(.text) refers (Special) to _printf_llu.o(.ARM.Collect$$_printf_percent$$0000000F) for _printf_llu
    c89printf.o(.text) refers (Special) to _printf_llx.o(.ARM.Collect$$_printf_percent$$00000011) for _printf_llx
    c89printf.o(.text) refers (Special) to _printf_longlong_dec.o(.text) for _printf_longlong_dec
    c89printf.o(.text) refers (Special) to _printf_hex_int_ll_ptr.o(.text) for _printf_longlong_hex
    c89printf.o(.text) refers (Special) to _printf_oct_int_ll.o(.text) for _printf_longlong_oct
    c89printf.o(.text) refers (Special) to _printf_ls.o(.ARM.Collect$$_printf_percent$$00000016) for _printf_ls
    c89printf.o(.text) refers (Special) to _printf_n.o(.ARM.Collect$$_printf_percent$$00000001) for _printf_n
    c89printf.o(.text) refers (Special) to _printf_o.o(.ARM.Collect$$_printf_percent$$0000000B) for _printf_o
    c89printf.o(.text) refers (Special) to _printf_p.o(.ARM.Collect$$_printf_percent$$00000002) for _printf_p
    c89printf.o(.text) refers (Special) to _printf_percent.o(.ARM.Collect$$_printf_percent$$00000000) for _printf_percent
    c89printf.o(.text) refers (Special) to _printf_pad.o(.text) for _printf_post_padding
    c89printf.o(.text) refers (Special) to _printf_s.o(.ARM.Collect$$_printf_percent$$00000014) for _printf_s
    c89printf.o(.text) refers (Special) to _printf_str.o(.text) for _printf_str
    c89printf.o(.text) refers (Special) to _printf_truncate.o(.text) for _printf_truncate_signed
    c89printf.o(.text) refers (Special) to _printf_u.o(.ARM.Collect$$_printf_percent$$0000000A) for _printf_u
    c89printf.o(.text) refers (Special) to _printf_wctomb.o(.text) for _printf_wctomb
    c89printf.o(.text) refers (Special) to _printf_x.o(.ARM.Collect$$_printf_percent$$0000000C) for _printf_x
    c89printf.o(.text) refers to _printf_char_file.o(.text) for _printf_char_file
    c89printf.o(.text) refers to usart.o(.data) for __stdout
    c89vsprintf.o(.text) refers (Special) to _printf_a.o(.ARM.Collect$$_printf_percent$$00000006) for _printf_a
    c89vsprintf.o(.text) refers (Special) to _printf_c.o(.ARM.Collect$$_printf_percent$$00000013) for _printf_c
    c89vsprintf.o(.text) refers (Special) to _printf_charcount.o(.text) for _printf_charcount
    c89vsprintf.o(.text) refers (Special) to _printf_d.o(.ARM.Collect$$_printf_percent$$00000009) for _printf_d
    c89vsprintf.o(.text) refers (Special) to _printf_e.o(.ARM.Collect$$_printf_percent$$00000004) for _printf_e
    c89vsprintf.o(.text) refers (Special) to _printf_f.o(.ARM.Collect$$_printf_percent$$00000003) for _printf_f
    c89vsprintf.o(.text) refers (Special) to printf1.o(x$fpl$printf1) for _printf_fp_dec
    c89vsprintf.o(.text) refers (Special) to _printf_g.o(.ARM.Collect$$_printf_percent$$00000005) for _printf_g
    c89vsprintf.o(.text) refers (Special) to _printf_i.o(.ARM.Collect$$_printf_percent$$00000008) for _printf_i
    c89vsprintf.o(.text) refers (Special) to _printf_dec.o(.text) for _printf_int_dec
    c89vsprintf.o(.text) refers (Special) to _printf_l.o(.ARM.Collect$$_printf_percent$$00000012) for _printf_l
    c89vsprintf.o(.text) refers (Special) to _printf_lc.o(.ARM.Collect$$_printf_percent$$00000015) for _printf_lc
    c89vsprintf.o(.text) refers (Special) to _printf_ll.o(.ARM.Collect$$_printf_percent$$00000007) for _printf_ll
    c89vsprintf.o(.text) refers (Special) to _printf_lld.o(.ARM.Collect$$_printf_percent$$0000000E) for _printf_lld
    c89vsprintf.o(.text) refers (Special) to _printf_lli.o(.ARM.Collect$$_printf_percent$$0000000D) for _printf_lli
    c89vsprintf.o(.text) refers (Special) to _printf_llo.o(.ARM.Collect$$_printf_percent$$00000010) for _printf_llo
    c89vsprintf.o(.text) refers (Special) to _printf_llu.o(.ARM.Collect$$_printf_percent$$0000000F) for _printf_llu
    c89vsprintf.o(.text) refers (Special) to _printf_llx.o(.ARM.Collect$$_printf_percent$$00000011) for _printf_llx
    c89vsprintf.o(.text) refers (Special) to _printf_longlong_dec.o(.text) for _printf_longlong_dec
    c89vsprintf.o(.text) refers (Special) to _printf_hex_int_ll_ptr.o(.text) for _printf_longlong_hex
    c89vsprintf.o(.text) refers (Special) to _printf_oct_int_ll.o(.text) for _printf_longlong_oct
    c89vsprintf.o(.text) refers (Special) to _printf_ls.o(.ARM.Collect$$_printf_percent$$00000016) for _printf_ls
    c89vsprintf.o(.text) refers (Special) to _printf_n.o(.ARM.Collect$$_printf_percent$$00000001) for _printf_n
    c89vsprintf.o(.text) refers (Special) to _printf_o.o(.ARM.Collect$$_printf_percent$$0000000B) for _printf_o
    c89vsprintf.o(.text) refers (Special) to _printf_p.o(.ARM.Collect$$_printf_percent$$00000002) for _printf_p
    c89vsprintf.o(.text) refers (Special) to _printf_percent.o(.ARM.Collect$$_printf_percent$$00000000) for _printf_percent
    c89vsprintf.o(.text) refers (Special) to _printf_pad.o(.text) for _printf_post_padding
    c89vsprintf.o(.text) refers (Special) to _printf_s.o(.ARM.Collect$$_printf_percent$$00000014) for _printf_s
    c89vsprintf.o(.text) refers (Special) to _printf_str.o(.text) for _printf_str
    c89vsprintf.o(.text) refers (Special) to _printf_truncate.o(.text) for _printf_truncate_signed
    c89vsprintf.o(.text) refers (Special) to _printf_u.o(.ARM.Collect$$_printf_percent$$0000000A) for _printf_u
    c89vsprintf.o(.text) refers (Special) to _printf_wctomb.o(.text) for _printf_wctomb
    c89vsprintf.o(.text) refers (Special) to _printf_x.o(.ARM.Collect$$_printf_percent$$0000000C) for _printf_x
    c89vsprintf.o(.text) refers to _printf_char_common.o(.text) for _printf_char_common
    c89vsprintf.o(.text) refers to _sputc.o(.text) for _sputc
    __2printf.o(.text) refers to _printf_char_file.o(.text) for _printf_char_file
    __2printf.o(.text) refers to usart.o(.data) for __stdout
    __2sprintf.o(.text) refers to _printf_char_common.o(.text) for _printf_char_common
    __2sprintf.o(.text) refers to _sputc.o(.text) for _sputc
    noretval__2printf.o(.text) refers to _printf_char_file.o(.text) for _printf_char_file
    noretval__2printf.o(.text) refers to usart.o(.data) for __stdout
    noretval__2sprintf.o(.text) refers to _printf_char_common.o(.text) for _printf_char_common
    noretval__2sprintf.o(.text) refers to _sputc.o(.text) for _sputc
    __printf.o(.text) refers to _printf_percent.o(.ARM.Collect$$_printf_percent$$00000000) for _printf_percent
    _printf_str.o(.text) refers (Special) to _printf_char.o(.text) for _printf_cs_common
    _printf_str.o(.text) refers (Weak) to _printf_pad.o(.text) for _printf_pre_padding
    _printf_str.o(.text) refers (Weak) to _printf_pad.o(.text) for _printf_post_padding
    _printf_dec.o(.text) refers (Weak) to _printf_truncate.o(.text) for _printf_truncate_signed
    _printf_dec.o(.text) refers (Weak) to _printf_truncate.o(.text) for _printf_truncate_unsigned
    _printf_dec.o(.text) refers to _printf_intcommon.o(.text) for _printf_int_common
    __printf_flags.o(.text) refers to _printf_percent.o(.ARM.Collect$$_printf_percent$$00000000) for _printf_percent
    __printf_flags.o(.text) refers to __printf_flags.o(.constdata) for .constdata
    __printf_ss.o(.text) refers to _printf_percent.o(.ARM.Collect$$_printf_percent$$00000000) for _printf_percent
    __printf_flags_ss.o(.text) refers to _printf_percent.o(.ARM.Collect$$_printf_percent$$00000000) for _printf_percent
    __printf_flags_ss.o(.text) refers to __printf_flags_ss.o(.constdata) for .constdata
    __printf_wp.o(.text) refers to __printf_wp.o(i._is_digit) for _is_digit
    __printf_wp.o(.text) refers to _printf_percent.o(.ARM.Collect$$_printf_percent$$00000000) for _printf_percent
    __printf_flags_wp.o(.text) refers to __printf_wp.o(i._is_digit) for _is_digit
    __printf_flags_wp.o(.text) refers to _printf_percent.o(.ARM.Collect$$_printf_percent$$00000000) for _printf_percent
    __printf_flags_wp.o(.text) refers to __printf_flags_wp.o(.constdata) for .constdata
    __printf_ss_wp.o(.text) refers to __printf_wp.o(i._is_digit) for _is_digit
    __printf_ss_wp.o(.text) refers to _printf_percent.o(.ARM.Collect$$_printf_percent$$00000000) for _printf_percent
    __printf_flags_ss_wp.o(.text) refers to __printf_wp.o(i._is_digit) for _is_digit
    __printf_flags_ss_wp.o(.text) refers to _printf_percent.o(.ARM.Collect$$_printf_percent$$00000000) for _printf_percent
    __printf_flags_ss_wp.o(.text) refers to __printf_flags_ss_wp.o(.constdata) for .constdata
    _printf_s.o(.ARM.Collect$$_printf_percent$$00000014) refers (Weak) to _printf_char.o(.text) for _printf_string
    _printf_d.o(.ARM.Collect$$_printf_percent$$00000009) refers (Weak) to _printf_dec.o(.text) for _printf_int_dec
    _printf_percent.o(.ARM.Collect$$_printf_percent$$00000000) refers (Special) to _printf_percent_end.o(.ARM.Collect$$_printf_percent$$00000017) for _printf_percent_end
    rt_memcpy_v6.o(.text) refers to rt_memcpy_w.o(.text) for __aeabi_memcpy4
    aeabi_memset.o(.text) refers to rt_memclr.o(.text) for _memset
    rt_memclr.o(.text) refers to rt_memclr_w.o(.text) for _memset_w
    __main.o(!!!main) refers to __rtentry.o(.ARM.Collect$$rtentry$$00000000) for __rt_entry
    __rtentry.o(.ARM.Collect$$rtentry$$00000000) refers (Special) to __rtentry2.o(.ARM.Collect$$rtentry$$0000000A) for __rt_entry_li
    __rtentry.o(.ARM.Collect$$rtentry$$00000000) refers (Special) to __rtentry2.o(.ARM.Collect$$rtentry$$0000000D) for __rt_entry_main
    __rtentry.o(.ARM.Collect$$rtentry$$00000000) refers (Special) to __rtentry2.o(.ARM.Collect$$rtentry$$0000000C) for __rt_entry_postli_1
    __rtentry.o(.ARM.Collect$$rtentry$$00000000) refers (Special) to __rtentry2.o(.ARM.Collect$$rtentry$$00000009) for __rt_entry_postsh_1
    __rtentry.o(.ARM.Collect$$rtentry$$00000000) refers (Special) to __rtentry2.o(.ARM.Collect$$rtentry$$00000002) for __rt_entry_presh_1
    __rtentry.o(.ARM.Collect$$rtentry$$00000000) refers (Special) to __rtentry4.o(.ARM.Collect$$rtentry$$00000004) for __rt_entry_sh
    _printf_intcommon.o(.text) refers (Weak) to _printf_pad.o(.text) for _printf_pre_padding
    _printf_intcommon.o(.text) refers (Weak) to _printf_pad.o(.text) for _printf_pre_padding
    _printf_intcommon.o(.text) refers (Weak) to _printf_pad.o(.text) for _printf_post_padding
    _printf_char_common.o(.text) refers to __printf_flags_ss_wp.o(.text) for __printf
    _printf_char.o(.text) refers (Weak) to _printf_str.o(.text) for _printf_str
    _printf_char_file.o(.text) refers to _printf_char_common.o(.text) for _printf_char_common
    _printf_char_file.o(.text) refers to ferror.o(.text) for ferror
    _printf_char_file.o(.text) refers to usart.o(i.fputc) for fputc
    _printf_wctomb.o(.text) refers (Special) to _printf_wchar.o(.text) for _printf_lcs_common
    _printf_wctomb.o(.text) refers to _wcrtomb.o(.text) for _wcrtomb
    _printf_wctomb.o(.text) refers (Weak) to _printf_pad.o(.text) for _printf_pre_padding
    _printf_wctomb.o(.text) refers (Weak) to _printf_pad.o(.text) for _printf_post_padding
    _printf_wctomb.o(.text) refers to _printf_wctomb.o(.constdata) for .constdata
    _printf_wctomb.o(.constdata) refers (Special) to _printf_wchar.o(.text) for _printf_lcs_common
    _printf_longlong_dec.o(.text) refers to lludiv10.o(.text) for _ll_udiv10
    _printf_longlong_dec.o(.text) refers to _printf_intcommon.o(.text) for _printf_int_common
    _printf_oct_ll.o(.text) refers to _printf_intcommon.o(.text) for _printf_int_common
    _printf_oct_int.o(.text) refers (Weak) to _printf_truncate.o(.text) for _printf_truncate_unsigned
    _printf_oct_int.o(.text) refers to _printf_intcommon.o(.text) for _printf_int_common
    _printf_oct_int_ll.o(.text) refers to _printf_intcommon.o(.text) for _printf_int_common
    _printf_oct_int_ll.o(.text) refers (Weak) to _printf_truncate.o(.text) for _printf_truncate_unsigned
    _printf_hex_ll.o(.text) refers to _printf_intcommon.o(.text) for _printf_int_common
    _printf_hex_ll.o(.text) refers to _printf_hex_ll.o(.constdata) for .constdata
    _printf_hex_int.o(.text) refers (Weak) to _printf_truncate.o(.text) for _printf_truncate_unsigned
    _printf_hex_int.o(.text) refers to _printf_intcommon.o(.text) for _printf_int_common
    _printf_hex_int.o(.text) refers to _printf_hex_int.o(.constdata) for .constdata
    _printf_hex_int_ll.o(.text) refers to _printf_intcommon.o(.text) for _printf_int_common
    _printf_hex_int_ll.o(.text) refers (Weak) to _printf_truncate.o(.text) for _printf_truncate_unsigned
    _printf_hex_int_ll.o(.text) refers to _printf_hex_int_ll.o(.constdata) for .constdata
    _printf_hex_ptr.o(.text) refers to _printf_intcommon.o(.text) for _printf_int_common
    _printf_hex_ptr.o(.text) refers to _printf_hex_ptr.o(.constdata) for .constdata
    _printf_hex_int_ptr.o(.text) refers to _printf_intcommon.o(.text) for _printf_int_common
    _printf_hex_int_ptr.o(.text) refers (Weak) to _printf_truncate.o(.text) for _printf_truncate_unsigned
    _printf_hex_int_ptr.o(.text) refers to _printf_hex_int_ptr.o(.constdata) for .constdata
    _printf_hex_ll_ptr.o(.text) refers to _printf_intcommon.o(.text) for _printf_int_common
    _printf_hex_ll_ptr.o(.text) refers to _printf_hex_ll_ptr.o(.constdata) for .constdata
    _printf_hex_int_ll_ptr.o(.text) refers to _printf_intcommon.o(.text) for _printf_int_common
    _printf_hex_int_ll_ptr.o(.text) refers (Weak) to _printf_truncate.o(.text) for _printf_truncate_unsigned
    _printf_hex_int_ll_ptr.o(.text) refers to _printf_hex_int_ll_ptr.o(.constdata) for .constdata
    _printf_c.o(.ARM.Collect$$_printf_percent$$00000013) refers (Weak) to _printf_char.o(.text) for _printf_char
    _printf_n.o(.ARM.Collect$$_printf_percent$$00000001) refers (Weak) to _printf_charcount.o(.text) for _printf_charcount
    _printf_x.o(.ARM.Collect$$_printf_percent$$0000000C) refers (Weak) to _printf_hex_int_ll_ptr.o(.text) for _printf_int_hex
    _printf_p.o(.ARM.Collect$$_printf_percent$$00000002) refers (Weak) to _printf_hex_int_ll_ptr.o(.text) for _printf_hex_ptr
    _printf_o.o(.ARM.Collect$$_printf_percent$$0000000B) refers (Weak) to _printf_oct_int_ll.o(.text) for _printf_int_oct
    _printf_i.o(.ARM.Collect$$_printf_percent$$00000008) refers (Weak) to _printf_dec.o(.text) for _printf_int_dec
    _printf_u.o(.ARM.Collect$$_printf_percent$$0000000A) refers (Weak) to _printf_dec.o(.text) for _printf_int_dec
    _printf_f.o(.ARM.Collect$$_printf_percent$$00000003) refers (Weak) to printf1.o(x$fpl$printf1) for _printf_fp_dec
    _printf_e.o(.ARM.Collect$$_printf_percent$$00000004) refers (Weak) to printf1.o(x$fpl$printf1) for _printf_fp_dec
    _printf_g.o(.ARM.Collect$$_printf_percent$$00000005) refers (Weak) to printf1.o(x$fpl$printf1) for _printf_fp_dec
    _printf_lli.o(.ARM.Collect$$_printf_percent$$0000000D) refers (Special) to _printf_ll.o(.ARM.Collect$$_printf_percent$$00000007) for _printf_ll
    _printf_lli.o(.ARM.Collect$$_printf_percent$$0000000D) refers (Weak) to _printf_longlong_dec.o(.text) for _printf_longlong_dec
    _printf_lld.o(.ARM.Collect$$_printf_percent$$0000000E) refers (Special) to _printf_ll.o(.ARM.Collect$$_printf_percent$$00000007) for _printf_ll
    _printf_lld.o(.ARM.Collect$$_printf_percent$$0000000E) refers (Weak) to _printf_longlong_dec.o(.text) for _printf_longlong_dec
    _printf_llu.o(.ARM.Collect$$_printf_percent$$0000000F) refers (Special) to _printf_ll.o(.ARM.Collect$$_printf_percent$$00000007) for _printf_ll
    _printf_llu.o(.ARM.Collect$$_printf_percent$$0000000F) refers (Weak) to _printf_longlong_dec.o(.text) for _printf_longlong_dec
    _printf_lc.o(.ARM.Collect$$_printf_percent$$00000015) refers (Special) to _printf_l.o(.ARM.Collect$$_printf_percent$$00000012) for _printf_l
    _printf_lc.o(.ARM.Collect$$_printf_percent$$00000015) refers (Weak) to _printf_wchar.o(.text) for _printf_wchar
    _printf_ls.o(.ARM.Collect$$_printf_percent$$00000016) refers (Special) to _printf_l.o(.ARM.Collect$$_printf_percent$$00000012) for _printf_l
    _printf_ls.o(.ARM.Collect$$_printf_percent$$00000016) refers (Weak) to _printf_wchar.o(.text) for _printf_wstring
    _printf_llo.o(.ARM.Collect$$_printf_percent$$00000010) refers (Special) to _printf_ll.o(.ARM.Collect$$_printf_percent$$00000007) for _printf_ll
    _printf_llo.o(.ARM.Collect$$_printf_percent$$00000010) refers (Weak) to _printf_oct_int_ll.o(.text) for _printf_ll_oct
    _printf_llx.o(.ARM.Collect$$_printf_percent$$00000011) refers (Special) to _printf_ll.o(.ARM.Collect$$_printf_percent$$00000007) for _printf_ll
    _printf_llx.o(.ARM.Collect$$_printf_percent$$00000011) refers (Weak) to _printf_hex_int_ll_ptr.o(.text) for _printf_ll_hex
    printf1.o(x$fpl$printf1) refers to _printf_fp_dec.o(.text) for _printf_fp_dec_real
    __rtentry2.o(.ARM.Collect$$rtentry$$00000008) refers to boardinit2.o(.text) for _platform_post_stackheap_init
    __rtentry2.o(.ARM.Collect$$rtentry$$0000000A) refers to libinit.o(.ARM.Collect$$libinit$$00000000) for __rt_lib_init
    __rtentry2.o(.ARM.Collect$$rtentry$$0000000B) refers to boardinit3.o(.text) for _platform_post_lib_init
    __rtentry2.o(.ARM.Collect$$rtentry$$0000000D) refers to main.o(i.main) for main
    __rtentry2.o(.ARM.Collect$$rtentry$$0000000D) refers to exit.o(.text) for exit
    __rtentry2.o(.ARM.exidx) refers to __rtentry2.o(.ARM.Collect$$rtentry$$00000001) for .ARM.Collect$$rtentry$$00000001
    __rtentry2.o(.ARM.exidx) refers to __rtentry2.o(.ARM.Collect$$rtentry$$00000008) for .ARM.Collect$$rtentry$$00000008
    __rtentry2.o(.ARM.exidx) refers to __rtentry2.o(.ARM.Collect$$rtentry$$0000000A) for .ARM.Collect$$rtentry$$0000000A
    __rtentry2.o(.ARM.exidx) refers to __rtentry2.o(.ARM.Collect$$rtentry$$0000000B) for .ARM.Collect$$rtentry$$0000000B
    __rtentry2.o(.ARM.exidx) refers to __rtentry2.o(.ARM.Collect$$rtentry$$0000000D) for .ARM.Collect$$rtentry$$0000000D
    __rtentry4.o(.ARM.Collect$$rtentry$$00000004) refers to sys_stackheap_outer.o(.text) for __user_setup_stackheap
    __rtentry4.o(.ARM.exidx) refers to __rtentry4.o(.ARM.Collect$$rtentry$$00000004) for .ARM.Collect$$rtentry$$00000004
    _printf_fp_dec.o(.text) refers (Special) to usenofp.o(x$fpl$usenofp) for __I$use$fp
    _printf_fp_dec.o(.text) refers (Special) to lc_numeric_c.o(locale$$code) for _get_lc_numeric
    _printf_fp_dec.o(.text) refers to bigflt0.o(.text) for _btod_etento
    _printf_fp_dec.o(.text) refers to btod.o(CL$$btod_d2e) for _btod_d2e
    _printf_fp_dec.o(.text) refers to btod.o(CL$$btod_ediv) for _btod_ediv
    _printf_fp_dec.o(.text) refers to btod.o(CL$$btod_emul) for _btod_emul
    _printf_fp_dec.o(.text) refers to lludiv10.o(.text) for _ll_udiv10
    _printf_fp_dec.o(.text) refers to fpclassify.o(i.__ARM_fpclassify) for __ARM_fpclassify
    _printf_fp_dec.o(.text) refers to _printf_fp_infnan.o(.text) for _printf_fp_infnan
    _printf_fp_dec.o(.text) refers (Weak) to _printf_pad.o(.text) for _printf_pre_padding
    _printf_fp_dec.o(.text) refers (Weak) to _printf_pad.o(.text) for _printf_pre_padding
    _printf_fp_dec.o(.text) refers to rt_locale_intlibspace.o(.text) for __rt_locale
    _printf_fp_dec.o(.text) refers (Weak) to _printf_pad.o(.text) for _printf_post_padding
    _printf_wchar.o(.text) refers (Weak) to _printf_wctomb.o(.text) for _printf_wctomb
    _wcrtomb.o(.text) refers to rt_ctype_table.o(.text) for __rt_ctype_table
    sys_stackheap_outer.o(.text) refers to libspace.o(.text) for __user_perproc_libspace
    sys_stackheap_outer.o(.text) refers to startup_stm32f40_41xxx.o(.text) for __user_initial_stackheap
    rt_ctype_table.o(.text) refers to rt_locale_intlibspace.o(.text) for __rt_locale
    rt_ctype_table.o(.text) refers to lc_ctype_c.o(locale$$code) for _get_lc_ctype
    rt_locale.o(.text) refers to rt_locale.o(.bss) for __rt_locale_data
    rt_locale_intlibspace.o(.text) refers to libspace.o(.bss) for __libspace_start
    _printf_fp_infnan.o(.text) refers (Weak) to _printf_pad.o(.text) for _printf_pre_padding
    _printf_fp_infnan.o(.text) refers (Weak) to _printf_pad.o(.text) for _printf_post_padding
    bigflt0.o(.text) refers (Special) to usenofp.o(x$fpl$usenofp) for __I$use$fp
    bigflt0.o(.text) refers to btod.o(CL$$btod_emul) for _btod_emul
    bigflt0.o(.text) refers to btod.o(CL$$btod_ediv) for _btod_ediv
    bigflt0.o(.text) refers to bigflt0.o(.constdata) for .constdata
    bigflt0.o(.constdata) refers (Special) to usenofp.o(x$fpl$usenofp) for __I$use$fp
    btod.o(CL$$btod_d2e) refers (Special) to usenofp.o(x$fpl$usenofp) for __I$use$fp
    btod.o(CL$$btod_d2e) refers to btod.o(CL$$btod_d2e_norm_op1) for _d2e_norm_op1
    btod.o(CL$$btod_d2e_norm_op1) refers (Special) to usenofp.o(x$fpl$usenofp) for __I$use$fp
    btod.o(CL$$btod_d2e_norm_op1) refers to btod.o(CL$$btod_d2e_denorm_low) for _d2e_denorm_low
    btod.o(CL$$btod_d2e_denorm_low) refers (Special) to usenofp.o(x$fpl$usenofp) for __I$use$fp
    btod.o(CL$$btod_emul) refers (Special) to usenofp.o(x$fpl$usenofp) for __I$use$fp
    btod.o(CL$$btod_emul) refers to btod.o(CL$$btod_mult_common) for __btod_mult_common
    btod.o(CL$$btod_emul) refers to btod.o(CL$$btod_e2e) for _e2e
    btod.o(CL$$btod_ediv) refers (Special) to usenofp.o(x$fpl$usenofp) for __I$use$fp
    btod.o(CL$$btod_ediv) refers to btod.o(CL$$btod_div_common) for __btod_div_common
    btod.o(CL$$btod_ediv) refers to btod.o(CL$$btod_e2e) for _e2e
    btod.o(CL$$btod_emuld) refers (Special) to usenofp.o(x$fpl$usenofp) for __I$use$fp
    btod.o(CL$$btod_emuld) refers to btod.o(CL$$btod_mult_common) for __btod_mult_common
    btod.o(CL$$btod_emuld) refers to btod.o(CL$$btod_e2d) for _e2d
    btod.o(CL$$btod_edivd) refers (Special) to usenofp.o(x$fpl$usenofp) for __I$use$fp
    btod.o(CL$$btod_edivd) refers to btod.o(CL$$btod_div_common) for __btod_div_common
    btod.o(CL$$btod_edivd) refers to btod.o(CL$$btod_e2d) for _e2d
    btod.o(CL$$btod_e2e) refers (Special) to usenofp.o(x$fpl$usenofp) for __I$use$fp
    btod.o(CL$$btod_e2d) refers (Special) to usenofp.o(x$fpl$usenofp) for __I$use$fp
    btod.o(CL$$btod_e2d) refers to btod.o(CL$$btod_e2e) for _e2e
    btod.o(CL$$btod_mult_common) refers (Special) to usenofp.o(x$fpl$usenofp) for __I$use$fp
    btod.o(CL$$btod_div_common) refers (Special) to usenofp.o(x$fpl$usenofp) for __I$use$fp
    lc_numeric_c.o(locale$$data) refers (Special) to libinit2.o(.ARM.Collect$$libinit$$00000016) for __rt_lib_init_lc_numeric_2
    lc_numeric_c.o(locale$$code) refers (Special) to libinit2.o(.ARM.Collect$$libinit$$00000016) for __rt_lib_init_lc_numeric_2
    lc_numeric_c.o(locale$$code) refers to strcmpv7m.o(.text) for strcmp
    lc_numeric_c.o(locale$$code) refers to lc_numeric_c.o(locale$$data) for __lcnum_c_name
    exit.o(.text) refers to rtexit.o(.ARM.Collect$$rtexit$$00000000) for __rt_exit
    libinit.o(.ARM.Collect$$libinit$$00000000) refers (Special) to libinit2.o(.ARM.Collect$$libinit$$0000002E) for __rt_lib_init_alloca_1
    libinit.o(.ARM.Collect$$libinit$$00000000) refers (Special) to libinit2.o(.ARM.Collect$$libinit$$0000002C) for __rt_lib_init_argv_1
    libinit.o(.ARM.Collect$$libinit$$00000000) refers (Special) to libinit2.o(.ARM.Collect$$libinit$$0000001B) for __rt_lib_init_atexit_1
    libinit.o(.ARM.Collect$$libinit$$00000000) refers (Special) to libinit2.o(.ARM.Collect$$libinit$$00000021) for __rt_lib_init_clock_1
    libinit.o(.ARM.Collect$$libinit$$00000000) refers (Special) to libinit2.o(.ARM.Collect$$libinit$$00000032) for __rt_lib_init_cpp_1
    libinit.o(.ARM.Collect$$libinit$$00000000) refers (Special) to libinit2.o(.ARM.Collect$$libinit$$00000030) for __rt_lib_init_exceptions_1
    libinit.o(.ARM.Collect$$libinit$$00000000) refers (Special) to libinit2.o(.ARM.Collect$$libinit$$00000001) for __rt_lib_init_fp_1
    libinit.o(.ARM.Collect$$libinit$$00000000) refers (Special) to libinit2.o(.ARM.Collect$$libinit$$0000001F) for __rt_lib_init_fp_trap_1
    libinit.o(.ARM.Collect$$libinit$$00000000) refers (Special) to libinit2.o(.ARM.Collect$$libinit$$00000023) for __rt_lib_init_getenv_1
    libinit.o(.ARM.Collect$$libinit$$00000000) refers (Special) to libinit2.o(.ARM.Collect$$libinit$$0000000A) for __rt_lib_init_heap_1
    libinit.o(.ARM.Collect$$libinit$$00000000) refers (Special) to libinit2.o(.ARM.Collect$$libinit$$00000011) for __rt_lib_init_lc_collate_1
    libinit.o(.ARM.Collect$$libinit$$00000000) refers (Special) to libinit2.o(.ARM.Collect$$libinit$$00000013) for __rt_lib_init_lc_ctype_1
    libinit.o(.ARM.Collect$$libinit$$00000000) refers (Special) to libinit2.o(.ARM.Collect$$libinit$$00000015) for __rt_lib_init_lc_monetary_1
    libinit.o(.ARM.Collect$$libinit$$00000000) refers (Special) to libinit2.o(.ARM.Collect$$libinit$$00000017) for __rt_lib_init_lc_numeric_1
    libinit.o(.ARM.Collect$$libinit$$00000000) refers (Special) to libinit2.o(.ARM.Collect$$libinit$$00000019) for __rt_lib_init_lc_time_1
    libinit.o(.ARM.Collect$$libinit$$00000000) refers (Special) to libinit2.o(.ARM.Collect$$libinit$$00000004) for __rt_lib_init_preinit_1
    libinit.o(.ARM.Collect$$libinit$$00000000) refers (Special) to libinit2.o(.ARM.Collect$$libinit$$0000000E) for __rt_lib_init_rand_1
    libinit.o(.ARM.Collect$$libinit$$00000000) refers (Special) to libinit2.o(.ARM.Collect$$libinit$$00000033) for __rt_lib_init_return
    libinit.o(.ARM.Collect$$libinit$$00000000) refers (Special) to libinit2.o(.ARM.Collect$$libinit$$0000001D) for __rt_lib_init_signal_1
    libinit.o(.ARM.Collect$$libinit$$00000000) refers (Special) to libinit2.o(.ARM.Collect$$libinit$$00000025) for __rt_lib_init_stdio_1
    libinit.o(.ARM.Collect$$libinit$$00000000) refers (Special) to libinit2.o(.ARM.Collect$$libinit$$0000000C) for __rt_lib_init_user_alloc_1
    istatus.o(x$fpl$ieeestatus) refers (Special) to usenofp.o(x$fpl$usenofp) for __I$use$fp
    fpclassify.o(i.__ARM_fpclassify) refers (Special) to usenofp.o(x$fpl$usenofp) for __I$use$fp
    libspace.o(.text) refers to libspace.o(.bss) for __libspace_start
    rtexit.o(.ARM.Collect$$rtexit$$00000000) refers (Special) to rtexit2.o(.ARM.Collect$$rtexit$$00000004) for __rt_exit_exit
    rtexit.o(.ARM.Collect$$rtexit$$00000000) refers (Special) to rtexit2.o(.ARM.Collect$$rtexit$$00000003) for __rt_exit_ls
    rtexit.o(.ARM.Collect$$rtexit$$00000000) refers (Special) to rtexit2.o(.ARM.Collect$$rtexit$$00000002) for __rt_exit_prels_1
    rtexit.o(.ARM.exidx) refers (Special) to rtexit2.o(.ARM.Collect$$rtexit$$00000004) for __rt_exit_exit
    rtexit.o(.ARM.exidx) refers (Special) to rtexit2.o(.ARM.Collect$$rtexit$$00000003) for __rt_exit_ls
    rtexit.o(.ARM.exidx) refers (Special) to rtexit2.o(.ARM.Collect$$rtexit$$00000002) for __rt_exit_prels_1
    rtexit.o(.ARM.exidx) refers to rtexit.o(.ARM.Collect$$rtexit$$00000000) for .ARM.Collect$$rtexit$$00000000
    lc_ctype_c.o(locale$$data) refers (Special) to libinit2.o(.ARM.Collect$$libinit$$00000012) for __rt_lib_init_lc_ctype_2
    lc_ctype_c.o(locale$$code) refers (Special) to libinit2.o(.ARM.Collect$$libinit$$00000012) for __rt_lib_init_lc_ctype_2
    lc_ctype_c.o(locale$$code) refers to strcmpv7m.o(.text) for strcmp
    lc_ctype_c.o(locale$$code) refers to lc_ctype_c.o(locale$$data) for __lcctype_c_name
    libinit2.o(.ARM.Collect$$libinit$$00000001) refers to fpinit.o(x$fpl$fpinit) for _fp_init
    libinit2.o(.ARM.Collect$$libinit$$0000000F) refers (Weak) to rt_locale_intlibspace.o(.text) for __rt_locale
    libinit2.o(.ARM.Collect$$libinit$$00000010) refers to libinit2.o(.ARM.Collect$$libinit$$0000000F) for .ARM.Collect$$libinit$$0000000F
    libinit2.o(.ARM.Collect$$libinit$$00000012) refers to libinit2.o(.ARM.Collect$$libinit$$0000000F) for .ARM.Collect$$libinit$$0000000F
    libinit2.o(.ARM.Collect$$libinit$$00000012) refers (Weak) to lc_ctype_c.o(locale$$code) for _get_lc_ctype
    libinit2.o(.ARM.Collect$$libinit$$00000014) refers to libinit2.o(.ARM.Collect$$libinit$$0000000F) for .ARM.Collect$$libinit$$0000000F
    libinit2.o(.ARM.Collect$$libinit$$00000016) refers to libinit2.o(.ARM.Collect$$libinit$$0000000F) for .ARM.Collect$$libinit$$0000000F
    libinit2.o(.ARM.Collect$$libinit$$00000016) refers (Weak) to lc_numeric_c.o(locale$$code) for _get_lc_numeric
    libinit2.o(.ARM.Collect$$libinit$$00000018) refers to libinit2.o(.ARM.Collect$$libinit$$0000000F) for .ARM.Collect$$libinit$$0000000F
    libinit2.o(.ARM.Collect$$libinit$$00000026) refers to argv_veneer.o(.emb_text) for __ARM_argv_veneer
    libinit2.o(.ARM.Collect$$libinit$$00000027) refers to argv_veneer.o(.emb_text) for __ARM_argv_veneer
    rtexit2.o(.ARM.Collect$$rtexit$$00000003) refers to libshutdown.o(.ARM.Collect$$libshutdown$$00000000) for __rt_lib_shutdown
    rtexit2.o(.ARM.Collect$$rtexit$$00000004) refers to usart.o(i._sys_exit) for _sys_exit
    rtexit2.o(.ARM.exidx) refers to rtexit2.o(.ARM.Collect$$rtexit$$00000001) for .ARM.Collect$$rtexit$$00000001
    rtexit2.o(.ARM.exidx) refers to rtexit2.o(.ARM.Collect$$rtexit$$00000003) for .ARM.Collect$$rtexit$$00000003
    rtexit2.o(.ARM.exidx) refers to rtexit2.o(.ARM.Collect$$rtexit$$00000004) for .ARM.Collect$$rtexit$$00000004
    argv_veneer.o(.emb_text) refers to no_argv.o(.text) for __ARM_get_argv
    _get_argv_nomalloc.o(.text) refers (Special) to hrguard.o(.text) for __heap_region$guard
    _get_argv_nomalloc.o(.text) refers to defsig_rtmem_outer.o(.text) for __rt_SIGRTMEM
    _get_argv_nomalloc.o(.text) refers to sys_command.o(.text) for _sys_command_string
    libshutdown.o(.ARM.Collect$$libshutdown$$00000000) refers (Special) to libshutdown2.o(.ARM.Collect$$libshutdown$$00000002) for __rt_lib_shutdown_cpp_1
    libshutdown.o(.ARM.Collect$$libshutdown$$00000000) refers (Special) to libshutdown2.o(.ARM.Collect$$libshutdown$$00000007) for __rt_lib_shutdown_fp_trap_1
    libshutdown.o(.ARM.Collect$$libshutdown$$00000000) refers (Special) to libshutdown2.o(.ARM.Collect$$libshutdown$$0000000F) for __rt_lib_shutdown_heap_1
    libshutdown.o(.ARM.Collect$$libshutdown$$00000000) refers (Special) to libshutdown2.o(.ARM.Collect$$libshutdown$$00000010) for __rt_lib_shutdown_return
    libshutdown.o(.ARM.Collect$$libshutdown$$00000000) refers (Special) to libshutdown2.o(.ARM.Collect$$libshutdown$$0000000A) for __rt_lib_shutdown_signal_1
    libshutdown.o(.ARM.Collect$$libshutdown$$00000000) refers (Special) to libshutdown2.o(.ARM.Collect$$libshutdown$$00000004) for __rt_lib_shutdown_stdio_1
    libshutdown.o(.ARM.Collect$$libshutdown$$00000000) refers (Special) to libshutdown2.o(.ARM.Collect$$libshutdown$$0000000C) for __rt_lib_shutdown_user_alloc_1
    sys_command.o(.text) refers (Special) to use_no_semi.o(.text) for __I$use$semihosting
    sys_command.o(.text) refers (Special) to indicate_semi.o(.text) for __semihosting_library_function
    defsig_rtmem_outer.o(.text) refers to defsig_rtmem_inner.o(.text) for __rt_SIGRTMEM_inner
    defsig_rtmem_outer.o(.text) refers to defsig_exit.o(.text) for __sig_exit
    defsig_rtmem_formal.o(.text) refers to rt_raise.o(.text) for __rt_raise
    rt_raise.o(.text) refers to __raise.o(.text) for __raise
    rt_raise.o(.text) refers to usart.o(i._sys_exit) for _sys_exit
    defsig_exit.o(.text) refers to usart.o(i._sys_exit) for _sys_exit
    defsig_rtmem_inner.o(.text) refers to defsig_general.o(.text) for __default_signal_display
    __raise.o(.text) refers to defsig.o(CL$$defsig) for __default_signal_handler
    defsig_general.o(.text) refers to sys_wrch.o(.text) for _ttywrch
    sys_wrch.o(.text) refers (Special) to use_no_semi.o(.text) for __I$use$semihosting
    sys_wrch.o(.text) refers (Special) to indicate_semi.o(.text) for __semihosting_library_function
    defsig.o(CL$$defsig) refers to defsig_rtmem_inner.o(.text) for __rt_SIGRTMEM_inner
    defsig_abrt_inner.o(.text) refers to defsig_general.o(.text) for __default_signal_display
    defsig_fpe_inner.o(.text) refers to defsig_general.o(.text) for __default_signal_display
    defsig_rtred_inner.o(.text) refers to defsig_general.o(.text) for __default_signal_display
    defsig_stak_inner.o(.text) refers to defsig_general.o(.text) for __default_signal_display
    defsig_pvfn_inner.o(.text) refers to defsig_general.o(.text) for __default_signal_display
    defsig_cppl_inner.o(.text) refers to defsig_general.o(.text) for __default_signal_display
    defsig_segv_inner.o(.text) refers to defsig_general.o(.text) for __default_signal_display
    defsig_other.o(.text) refers to defsig_general.o(.text) for __default_signal_display

